
 Working directory              : /tmp/lme/molpro.hJ0RfMnCL6/
 Global scratch directory       : /tmp/lme/molpro.hJ0RfMnCL6/
 Wavefunction directory         : /home/lme/wfu/
 Main file repository           : /tmp/lme/molpro.hJ0RfMnCL6/

 id        : liedlgroup

 Nodes     nprocs
 sv1-c724     6
 GA implementation: MPI file
 GA implementation (serial work in mppx): MPI file

 Using customized tuning parameters: mindgm=1; mindgv=20; mindgc=4; mindgr=1; noblas=0; minvec=7
 default implementation of scratch files=sf  


 Variables initialized (1045), CPU time= 0.01 sec
 ***,Ethanol_Water
 
 memory, 200, m                                                                  ! Memory Requirements
 orient,mass
 geometry = {
   H,      1.2001,      0.0363,      0.8431
   C,      0.7031,      0.0083,     -0.1305
   H,      0.9877,      0.8943,     -0.7114
   H,      1.0155,     -0.8918,     -0.6742
   O,     -0.6582,     -0.0067,      0.1730
   H,     -1.1326,     -0.0311,     -0.6482
 }
 mass, iso
 basis=6-311g(d,p)
 
 {hf
 start,atden}
 
 optg
 {frequencies, symm=auto, print=0,analytical}
 put,molden,methanol.molden
 
 
 Commands initialized (836), CPU time= 0.01 sec, 720 directives.
 Default parameters read. Elapsed time= 0.13 sec

 Checking input...
 Passed
1


                                         ***  PROGRAM SYSTEM MOLPRO  ***
                                       Copyright, TTI GmbH Stuttgart, 2015
                                    Version 2024.2 linked Tue Oct  8 23:14:51 2024


 **********************************************************************************************************************************
 LABEL *   Ethanol_Water                                                                                                                                                 
  (6 PROC) 64 bit mpp version                                                            DATE: 06-Dec-24          TIME: 09:51:11  
 **********************************************************************************************************************************

 SHA1:             5a9813c25d9a7b7fe243115095799e27f07d421d
 **********************************************************************************************************************************

 Memory per process:       200 MW
 Total memory per node:   1200 MW

 GA preallocation disabled
 GA check disabled

 Variable memory set to 200.0 MW

 ZCENTRE=MASS


 Geometry recognized as XYZ



 Using masses of most abundant isotopes

 **********************************************************************************************************************************
 SETTING BASIS          =    6-311G(D,P)


 Recomputing integrals since basis changed


 Using spherical harmonics

 Library entry H      S 6-311G               selected for orbital group  1
 Library entry H      P 6-311G**             selected for orbital group  1
 Library entry C      S 6-311G               selected for orbital group  2
 Library entry C      P 6-311G               selected for orbital group  2
 Library entry C      D 6-311G*              selected for orbital group  2
 Library entry O      S 6-311G               selected for orbital group  4
 Library entry O      P 6-311G               selected for orbital group  4
 Library entry O      D 6-311G*              selected for orbital group  4


 PROGRAM * SEWARD (Integral evaluation for generally contracted gaussian basis sets)     Author: Roland Lindh, 1990

 Geometry written to block  1 of record 700

 Orientation using atomic masses  
 Molecule type: Asymmetric top
 Rotational constants:      24.7464623     25.6941431    127.2825897 GHz

 Point group  C1  



 ATOMIC COORDINATES

 NR  ATOM    CHARGE       X              Y              Z

   1  H       1.00    0.000239186    1.946913765    1.973978834
   2  C       6.00   -0.000000496   -0.023460726    1.351475288
   3  H       1.00    1.687995551   -0.978637244    2.083501359
   4  H       1.00   -1.688384931   -0.978085799    2.083191979
   5  O       8.00    0.000012311    0.116672798   -1.280592288
   6  H       1.00   -0.000039283   -1.562529362   -1.908533718

 Bond lengths in Bohr (Angstrom)

 1-2  2.066370334  2-3  2.073054511  2-4  2.073007561  2-5  2.635795350  5-6  1.792771691
     ( 1.093476090)     ( 1.097013204)     ( 1.096988359)     ( 1.394802832)     ( 0.948693923)

 Bond angles

  1-2-3  109.44373761   1-2-4  109.44299419   1-2-5  104.48537341   2-5-6  107.45579790

  3-2-4  109.04794568   3-2-5  112.15464891   4-2-5  112.14557272

 NUCLEAR CHARGE:                   18
 NUMBER OF PRIMITIVE AOS:          96
 NUMBER OF SYMMETRY AOS:           94
 NUMBER OF CONTRACTIONS:           60   (   60A   )
 NUMBER OF INNER CORE ORBITALS:     0   (    0A   )
 NUMBER OF OUTER CORE ORBITALS:     2   (    2A   )
 NUMBER OF VALENCE ORBITALS:       12   (   12A   )


 NUCLEAR REPULSION ENERGY   40.79052691

 Eigenvalues of metric

         1 0.855E-02 0.203E-01 0.232E-01 0.237E-01 0.387E-01 0.440E-01 0.457E-01 0.578E-01


 Contracted 2-electron integrals neglected if value below      1.0D-11
 AO integral compression algorithm  1   Integral accuracy      1.0D-11

     9.437 MB (compressed) written to integral file ( 53.8%)

     Node minimum: 1.049 MB, node maximum: 1.835 MB


 NUMBER OF SORTED TWO-ELECTRON INTEGRALS:     279990.     BUFFER LENGTH:  32768
 NUMBER OF SEGMENTS:   1  SEGMENT LENGTH:     279990      RECORD LENGTH: 524288

 Memory used in sort:       0.84 MW

 SORT1 READ     2100581. AND WROTE      274200. INTEGRALS IN      1 RECORDS. CPU TIME:     0.04 SEC, REAL TIME:     0.04 SEC
 SORT2 READ     1637193. AND WROTE     1675365. INTEGRALS IN     42 RECORDS. CPU TIME:     0.02 SEC, REAL TIME:     0.02 SEC

 Node minimum:      278465.  Node maximum:      279990. integrals

 OPERATOR DM      FOR CENTER  0  COORDINATES:    0.000000    0.000000    0.000000


 **********************************************************************************************************************************
 DATASETS  * FILE   NREC   LENGTH (MB)   RECORD NAMES
              1      18       29.05       500      610      700      900      950      970     1000      129      960     1100   
                                          VAR    BASINP    GEOM    SYMINP    ZMAT    AOBASIS   BASIS     P2S    ABASIS      S 
                                         1400     1410     1200     1210     1080     1600     1650     1700   
                                           T        V       H0       H01     AOSYM     SMH    MOLCAS    OPER   

 PROGRAMS   *        TOTAL       INT
 CPU TIMES  *         0.57      0.33
 REAL TIME  *         0.70 SEC
 DISK USED  *        29.46 MB (local),      207.48 MB (total)
 GA USED    *         0.00 MB       (max)       0.00 MB       (current)
 **********************************************************************************************************************************


 Program * Restricted Hartree-Fock


 Generating basis MINAO
  Atom=H        basis=MINAO
  Atom=C        basis=MINAO
  Atom=O        basis=MINAO
 Number of basis functions:      14

 Orbital guess generated from atomic densities.

 Initial occupancy:   9

 NELEC=   18   SYM=1   MS2= 0   THRE=1.0D-08   THRD=1.0D-06   THRG=1.0D-06  HFMA2=F  DIIS_START=2   DIIS_MAX=10   DIIS_INCORE=F

 Level shifts:    0.00 (CLOSED)    0.00 (OPEN)    0.30 (GAP_MIN)

 ITER           ETOT              DE          GRAD        DDIFF     DIIS  NEXP   TIME(IT)  TIME(TOT)  DIAG
   1     -115.03873552    -115.03873552     0.00D+00     0.55D-01     0     0       0.00      0.02    start
   2     -115.06790422      -0.02916870     0.92D-02     0.67D-02     1     0       0.00      0.02    diag
   3     -115.07447429      -0.00657007     0.47D-02     0.22D-02     2     0       0.00      0.02    diag
   4     -115.07495475      -0.00048045     0.92D-03     0.74D-03     3     0       0.01      0.03    diag
   5     -115.07498231      -0.00002756     0.18D-03     0.23D-03     4     0       0.00      0.03    diag
   6     -115.07498327      -0.00000096     0.31D-04     0.45D-04     5     0       0.01      0.04    diag
   7     -115.07498331      -0.00000004     0.67D-05     0.67D-05     6     0       0.00      0.04    diag
   8     -115.07498331      -0.00000000     0.22D-05     0.21D-05     7     0       0.00      0.04    fixocc
   9     -115.07498331      -0.00000000     0.48D-06     0.62D-06     8     0       0.01      0.05    diag
  10     -115.07498331      -0.00000000     0.82D-07     0.95D-07     0     0       0.00      0.05    diag/orth

 Final occupancy:   9

 !RHF STATE 1.1 Energy               -115.074983311333
  RHF One-electron energy            -237.839572483282
  RHF Two-electron energy              81.974062266310
  RHF Kinetic energy                  115.077195571296
  RHF Nuclear energy                   40.790526905639
  RHF Virial quotient                  -0.999980775861

 !RHF STATE 1.1 Dipole moment          -0.00002272    -0.61703560     0.37998027
 Dipole moment /Debye                  -0.00005774    -1.56834807     0.96581352

 Orbital energies:

           1.1          2.1          3.1          4.1          5.1          6.1          7.1          8.1          9.1         10.1
    -20.543073   -11.268331    -1.363590    -0.921116    -0.694694    -0.620865    -0.591066    -0.498737    -0.444254     0.154104

          11.1
      0.190711


 HOMO      9.1    -0.444254 =     -12.0888eV
 LUMO     10.1     0.154104 =       4.1934eV
 LUMO-HOMO         0.598358 =      16.2822eV

 Orbitals saved in record  2100.2


 **********************************************************************************************************************************
 DATASETS  * FILE   NREC   LENGTH (MB)   RECORD NAMES
              1      18       29.05       500      610      700      900      950      970     1000      129      960     1100   
                                          VAR    BASINP    GEOM    SYMINP    ZMAT    AOBASIS   BASIS     P2S    ABASIS      S 
                                         1400     1410     1200     1210     1080     1600     1650     1700   
                                           T        V       H0       H01     AOSYM     SMH    MOLCAS    OPER   

              2       4        0.52       700     1000      520     2100   
                                         GEOM     BASIS   MCVARS     RHF  

 PROGRAMS   *        TOTAL    HF-SCF       INT
 CPU TIMES  *         0.62      0.06      0.33
 REAL TIME  *         0.77 SEC
 DISK USED  *        29.89 MB (local),      210.03 MB (total)
 GA USED    *         0.00 MB       (max)       0.00 MB       (current)
 **********************************************************************************************************************************


 PROGRAM * OPT (Geometry optimization)     Authors: F. Eckert and H.-J. Werner


 BFGS update of hessian

 *** Long output written to logfile /home/lme/graph_IC/tests/methanol_molpro.log ***


 Geometry optimization using default procedure for command HF-SCF

 Geometry written to block  1 of record 700

 PQS Optimization using delocalized internal coordinates

 Point group c1. Number of degrees of freedom:   12

 ITER.   ENERGY(OLD)    ENERGY(NEW)      DE          GRADMAX     GRADNORM    GRADRMS     STEPMAX     STEPLEN     STEPRMS   CPU-time
   1  -115.07498331  -115.07565766    -0.00067435  0.01205282  0.02303331  0.00664914  0.07625872  0.10831111  0.03126672      0.38
   2  -115.07565766  -115.07581053    -0.00015287  0.00790612  0.00932592  0.00269216  0.02753096  0.03617772  0.01044361      0.74
   3  -115.07581053  -115.07581189    -0.00000136  0.00079752  0.00106609  0.00030775  0.00318693  0.00400120  0.00115505      1.11
   4  -115.07581189  -115.07581202    -0.00000013  0.00020397  0.00028508  0.00008230  0.00066627  0.00105466  0.00031799      1.47

 END OF GEOMETRY OPTIMIZATION.

 Geometry written to block  1 of record 700

 Recomputing wavefunction for reoriented structure

 Current geometry (xyz format, in Angstrom)

    6
 HF-SCF000/6-311G(D,P)  ENERGY=-115.07581202
 H           0.0000619712        1.0004879503        1.0958706119
 C          -0.0000001143       -0.0130206863        0.7171777308
 H           0.8845549033       -0.5200285279        1.0982426087
 H          -0.8846134392       -0.5199231920        1.0982475978
 O          -0.0000000688        0.0629926543       -0.6800280829
 H          -0.0000009822       -0.8052400232       -1.0391370801

 **********************************************************************************************************************************


 **********************************************************************************************************************************
 DATASETS  * FILE   NREC   LENGTH (MB)   RECORD NAMES
              1      18       29.05       500      610      700      900      950      970     1000      129      960     1100   
                                          VAR    BASINP    GEOM    SYMINP    ZMAT    AOBASIS   BASIS     P2S    ABASIS      S 
                                         1400     1410     1200     1210     1080     1600     1650     1700   
                                           T        V       H0       H01     AOSYM     SMH    MOLCAS    OPER   

              2       4        0.52       700     1000      520     2100   
                                         GEOM     BASIS   MCVARS     RHF  

 PROGRAMS   *        TOTAL      OPTG    HF-SCF       INT
 CPU TIMES  *         2.34      1.72      0.06      0.33
 REAL TIME  *         2.71 SEC
 DISK USED  *        29.89 MB (local),      210.10 MB (total)
 SF USED    *         0.03 MB
 GA USED    *         0.00 MB       (max)       0.00 MB       (current)
 **********************************************************************************************************************************


 PROGRAM * HESSIAN

 PROGRAM * MCKINLEY (Hessian of the energy)     Author: A. Bernhardsson, R. Lindh

 Orbitals from record         2100.2

 Number of closed-shell orbitals:  9 (  9 )
 Number of occupied orbitals:      9 (  9 )

 Number of electrons= 18     Singlet     Space symmetry=1      Wavefunction type: CLOSED          


 McKinley needed      0.69 seconds of CPU time

 Entering CPHF calculation

 CPHF needed 142 iterations for 18 perturbations.  Total CPU time:    0.61 sec


 HF-SCF hessian saved to record  5300.2

 PROGRAM * FREQUENCIES (Calculation of harmonic vibrational spectra for HF-SCF)


 Permanent Dipole Moment [debye]
     1-   3    0.000000    0.000000    0.000000

 Dipole Moment Norm    0.0000000 [debye]

 Dipole Moment Derivatives [debye/ang]
              1             2             3             4             5             6             7             8
    1    0.00000000    0.00000000    0.00000000    0.00000000    0.00000000    0.00000000    0.00000000    0.00000000
    2    0.00000000    0.00000000    0.00000000    0.00000000    0.00000000    0.00000000    0.00000000    0.00000000
    3    0.00000000    0.00000000    0.00000000    0.00000000    0.00000000    0.00000000    0.00000000    0.00000000
              9            10            11            12            13            14            15            16
    1    0.00000000    0.00000000    0.00000000    0.00000000    0.00000000    0.00000000    0.00000000    0.00000000
    2    0.00000000    0.00000000    0.00000000    0.00000000    0.00000000    0.00000000    0.00000000    0.00000000
    3    0.00000000    0.00000000    0.00000000    0.00000000    0.00000000    0.00000000    0.00000000    0.00000000
             17            18
    1    0.00000000    0.00000000
    2    0.00000000    0.00000000
    3    0.00000000    0.00000000

 Projecting out rotations and translations

 Force Constants (Second Derivatives of the Energy) in [a.u.]
                             HX1         HY1         HZ1         CX2         CY2     
           HX1           0.0547313
           HY1           0.0000174   0.3381533
           HZ1           0.0000058   0.0976508   0.1065701
           CX2          -0.0613250  -0.0000158  -0.0000047   0.6245892
           CY2          -0.0000159  -0.3205241  -0.0736014   0.0000012   0.6768691
           CZ2          -0.0000056  -0.0899221  -0.0828112   0.0000001   0.0170548
           HX3           0.0018149   0.0000286   0.0013825  -0.2451733   0.1034014
           HY3           0.0302281  -0.0141659   0.0102455   0.1022193  -0.1235964
           HZ3           0.0100641  -0.0038908   0.0060846  -0.0611955   0.0323506
           HX4           0.0018112  -0.0000306  -0.0013812  -0.2451971  -0.1033865
           HY4          -0.0302300  -0.0141624   0.0102457  -0.1022046  -0.1235721
           HZ4          -0.0100645  -0.0038896   0.0060847   0.0612003   0.0323440
           OX5           0.0025327   0.0000005  -0.0000019  -0.0729759   0.0000004
           OY5           0.0000004   0.0080137  -0.0458423  -0.0000001  -0.1146430
           OZ5           0.0000000  -0.0017565  -0.0273548  -0.0000001   0.0414047
           HX6           0.0004350  -0.0000001  -0.0000005   0.0000821  -0.0000005
           HY6           0.0000001   0.0026853   0.0013018   0.0000000   0.0054665
           HZ6           0.0000001   0.0018082  -0.0085734  -0.0000001  -0.0495527
                             CZ2         HX3         HY3         HZ3         HX4     
           CZ2           0.5691998
           HX3          -0.0657909   0.2577830
           HY3           0.0371167  -0.1153975   0.1213018
           HZ3          -0.0825737   0.0777765  -0.0455463   0.1024932
           HX4           0.0657959  -0.0244628  -0.0151719   0.0077483   0.2578095
           HY4           0.0371089   0.0151762   0.0107489  -0.0057176   0.1153808
           HZ4          -0.0825736  -0.0077488  -0.0057166   0.0067596  -0.0777827
           OX5           0.0000008   0.0102626  -0.0006148  -0.0337662   0.0102637
           OY5          -0.0091279  -0.0032148   0.0050000   0.0215351   0.0032144
           OZ5          -0.3005487  -0.0046606   0.0039573  -0.0346194   0.0046612
           HX6          -0.0000004  -0.0002244  -0.0012633  -0.0006272  -0.0002246
           HY6           0.0077696   0.0000061   0.0007116   0.0012691  -0.0000062
           HZ6          -0.0206926  -0.0009587  -0.0000566   0.0018557   0.0009586
                             HY4         HZ4         OX5         OY5         OZ5     
           HY4           0.1212744
           HZ4          -0.0455376   0.1024940
           OX5           0.0006143   0.0337682   0.0533232
           OY5           0.0049999   0.0215308  -0.0000001   0.6471362
           OZ5           0.0039572  -0.0346197  -0.0000008   0.1695987   0.5229446
           HX6           0.0012633   0.0006275  -0.0034063   0.0000002   0.0000003
           HY6           0.0007113   0.0012689  -0.0000004  -0.5505068  -0.2171614
           HZ6          -0.0000567   0.0018551  -0.0000002  -0.1576944  -0.1258020
                             HX6         HY6         HZ6     
           HX6           0.0033381
           HY6           0.0000003   0.5409322
           HZ6           0.0000003   0.2055521   0.1513572


 Atomic Masses
     1-   6    1.007825   12.000000    1.007825    1.007825   15.994910    1.007825

 Mass weighted Second Derivative Matrix
                             HX1         HY1         HZ1         CX2         CY2     
           HX1           0.0543064
           HY1           0.0000172   0.3355278
           HZ1           0.0000057   0.0968926   0.1057426
           CX2          -0.0176342  -0.0000045  -0.0000014   0.0520491
           CY2          -0.0000046  -0.0921674  -0.0211643   0.0000001   0.0564058
           CZ2          -0.0000016  -0.0258573  -0.0238125   0.0000000   0.0014212
           HX3           0.0018008   0.0000284   0.0013718  -0.0705001   0.0297333
           HY3           0.0299934  -0.0140559   0.0101660   0.0293934  -0.0355404
           HZ3           0.0099860  -0.0038605   0.0060374  -0.0175969   0.0093025
           HX4           0.0017971  -0.0000304  -0.0013705  -0.0705070  -0.0297290
           HY4          -0.0299953  -0.0140524   0.0101661  -0.0293892  -0.0355334
           HZ4          -0.0099863  -0.0038594   0.0060375   0.0175983   0.0093006
           OX5           0.0006308   0.0000001  -0.0000005  -0.0052674   0.0000000
           OY5           0.0000001   0.0019960  -0.0114178  -0.0000000  -0.0082750
           OZ5           0.0000000  -0.0004375  -0.0068132  -0.0000000   0.0029886
           HX6           0.0004316  -0.0000001  -0.0000005   0.0000236  -0.0000001
           HY6           0.0000001   0.0026644   0.0012917   0.0000000   0.0015719
           HZ6           0.0000001   0.0017941  -0.0085068  -0.0000000  -0.0142490
                             CZ2         HX3         HY3         HZ3         HX4     
           CZ2           0.0474333
           HX3          -0.0189183   0.2557815
           HY3           0.0106730  -0.1145015   0.1203599
           HZ3          -0.0237443   0.0771726  -0.0451927   0.1016974
           HX4           0.0189198  -0.0242729  -0.0150541   0.0076881   0.2558079
           HY4           0.0106708   0.0150583   0.0106655  -0.0056732   0.1144850
           HZ4          -0.0237442  -0.0076886  -0.0056722   0.0067071  -0.0771788
           OX5           0.0000001   0.0025561  -0.0001531  -0.0084101   0.0025564
           OY5          -0.0006589  -0.0008007   0.0012453   0.0053637   0.0008006
           OZ5          -0.0216937  -0.0011608   0.0009856  -0.0086225   0.0011610
           HX6          -0.0000001  -0.0002226  -0.0012534  -0.0006223  -0.0002228
           HY6           0.0022342   0.0000061   0.0007060   0.0012592  -0.0000062
           HZ6          -0.0059502  -0.0009513  -0.0000561   0.0018413   0.0009511
                             HY4         HZ4         OX5         OY5         OZ5     
           HY4           0.1203328
           HZ4          -0.0451840   0.1016982
           OX5           0.0001530   0.0084106   0.0033338
           OY5           0.0012453   0.0053626  -0.0000000   0.0404589
           OZ5           0.0009856  -0.0086226  -0.0000000   0.0106033   0.0326944
           HX6           0.0012535   0.0006226  -0.0008484   0.0000000   0.0000001
           HY6           0.0007057   0.0012590  -0.0000001  -0.1371132  -0.0540878
           HZ6          -0.0000562   0.0018407  -0.0000000  -0.0392765  -0.0313332
                             HX6         HY6         HZ6     
           HX6           0.0033122
           HY6           0.0000003   0.5367323
           HZ6           0.0000003   0.2039562   0.1501820


 Mass Weighted 2nd Derivative Matrix Eigenvalues
     1-  10    0.000000    0.000000    0.000000    0.000000    0.000000    0.000000    0.004435    0.050907    0.052627    0.061719
    11-  18    0.083885    0.098740    0.099182    0.100590    0.373238    0.383859    0.401417    0.663259

 Mass Weighted 2nd Derivative Matrix Eigenvectors
              1             2             3             4             5             6             7             8
    1    0.07123686    0.26269884   -0.35381311   -0.01755115    0.33304035    0.20951989    0.28184636    0.00000479
    2   -0.08336542   -0.11285149    0.14596349   -0.01253128    0.19596784    0.10369935   -0.00001657   -0.13291205
    3    0.01330583    0.24345745    0.03156037    0.02656396   -0.09755484   -0.09920251    0.00000422    0.53171093
    4   -0.05464211    0.25270780   -0.17624824    0.20559329   -0.11904167    0.72897672    0.01500980    0.00000106
    5   -0.11203153   -0.22156034    0.49027037   -0.02269568    0.54115201    0.28171461    0.00000367    0.23816092
    6   -0.42408572    0.39097052    0.14458192    0.03663313    0.02504807   -0.13860750    0.00000292   -0.01280006
    7   -0.06610589    0.01981755    0.08138791    0.02808138   -0.23817478    0.30743452   -0.09733555   -0.03650814
    8   -0.16356100   -0.25454154    0.39919246    0.01414562   -0.13601796    0.16056448   -0.21200614   -0.19478934
    9   -0.18063054   -0.01593702    0.07649961    0.11130837    0.09041559   -0.15841070   -0.04689382   -0.26860053
   10   -0.06609644    0.01983475    0.08135759    0.02807758   -0.23813539    0.30742860   -0.09730786    0.03650262
   11   -0.00379157    0.02825785   -0.10726926   -0.03928838    0.52851331    0.04709909    0.21201722   -0.19480380
   12   -0.20143238    0.11234026    0.01764480   -0.10602908    0.02895790    0.13712962    0.04689395   -0.26855285
   13    0.02975385   -0.06338509   -0.10500388    0.91201223    0.16963521   -0.10766083   -0.25139094    0.00000067
   14    0.61870315    0.45903248    0.50922773    0.06133990    0.04911866    0.00108747   -0.00000164   -0.00989738
   15   -0.44891757    0.49027139    0.16383226    0.04705623   -0.00239916   -0.17766010   -0.00000327   -0.13275812
   16   -0.06671441   -0.18073214    0.23413849    0.29926879   -0.27106971   -0.03133103    0.86249691   -0.00000558
   17    0.20356548    0.16134254    0.12415976    0.02104517   -0.02480875   -0.02064039   -0.00000064   -0.25987012
   18   -0.22936798    0.01156511    0.04998399   -0.00184338    0.08918944    0.00596757   -0.00000140    0.57849346
              9            10            11            12            13            14            15            16
    1    0.00000392   -0.25055862   -0.00000434    0.00014701    0.70912487   -0.00006655    0.00001615   -0.02309336
    2   -0.00626468    0.00000884    0.02157480   -0.25914214    0.00001089   -0.06194137    0.25518812    0.00000867
    3   -0.14358513    0.00003237   -0.37838318    0.58910951   -0.00012427    0.14520992    0.08949466    0.00000282
    4   -0.00000569    0.42210294   -0.00000416   -0.00005005   -0.19741258    0.00000772    0.00000926   -0.31124762
    5    0.03086149   -0.00000307   -0.38015185   -0.07087125    0.00001462   -0.14404517    0.10467305    0.00001822
    6   -0.67307897   -0.00001011   -0.03965533   -0.34644166    0.00009357    0.16379846   -0.14193655   -0.00000137
    7   -0.00316078   -0.16569836    0.09233201   -0.01468122    0.05952668    0.40277832    0.55347097    0.54416889
    8    0.00251427   -0.08333538    0.17278135    0.29180067    0.37090294    0.39803254   -0.30590982   -0.32511746
    9   -0.16723668    0.56683936    0.15645156    0.37915378    0.29537051   -0.36876882    0.21889433    0.22244340
   10    0.00316418   -0.16568468   -0.09231777    0.01474481    0.05940204   -0.40274324   -0.55351838    0.54419569
   11    0.00251378    0.08333047    0.17280106    0.29162902   -0.37097064    0.39814642   -0.30585106    0.32504681
   12   -0.16721770   -0.56687805    0.15641960    0.37901836   -0.29560938   -0.36871070    0.21890192   -0.22244206
   13    0.00000204   -0.21808869   -0.00000031   -0.00000856   -0.03426131    0.00000106   -0.00000027    0.00200849
   14   -0.03213417    0.00000171    0.29274075   -0.02147490    0.00000120   -0.06603840   -0.00079103   -0.00000040
   15    0.67452077    0.00000942   -0.11505268   -0.02876293    0.00001009    0.02961846   -0.00809391    0.00000020
   16    0.00000420   -0.00575494    0.00000567   -0.00000380   -0.01036591    0.00000061    0.00000040    0.00072690
   17    0.02276148   -0.00000016   -0.22161760    0.00581460    0.00000156    0.02589289   -0.00146361    0.00000070
   18    0.11342337    0.00000368    0.66069550   -0.03725460    0.00000007   -0.09093211   -0.00527618   -0.00000022
             17            18
    1    0.00005315    0.00000064
    2    0.86907955    0.01065266
    3    0.31116336    0.00409123
    4   -0.00001613    0.00000000
    5   -0.29380384   -0.00581645
    6   -0.05858284    0.00256982
    7   -0.14609549   -0.00043757
    8    0.06705863    0.00053631
    9   -0.05583536    0.00233807
   10    0.14609760    0.00043697
   11    0.06703753    0.00053551
   12   -0.05583393    0.00233800
   13    0.00000025   -0.00000014
   14    0.00593957   -0.22208207
   15    0.00004694   -0.09936112
   16   -0.00000058    0.00000054
   17   -0.01303025    0.89307812
   18    0.00246648    0.37820081

   Low Vibration      Wavenumber
        Nr             [1/cm] 
        1                0.00
        2                0.00
        3                0.00
        4                0.00
        5                0.00
        6                0.00

     Vibration        Wavenumber
        Nr             [1/cm] 
        1              342.34
        2             1159.82
        3             1179.26
        4             1277.06
        5             1488.84
        6             1615.29
        7             1618.91
        8             1630.35
        9             3140.49
       10             3184.86
       11             3256.88
       12             4186.45

 FREQUENCIES * CALCULATION OF NORMAL MODES FOR HF-SCF


 Atomic Coordinates

  Nr  Atom  Charge       X              Y              Z

   1   H     1.00    0.000117109    1.890648217    2.070895325
   2   C     6.00   -0.000000216   -0.024605531    1.355269494
   3   H     1.00    1.671566509   -0.982711495    2.075377749
   4   H     1.00   -1.671677126   -0.982512439    2.075387177
   5   O     8.00   -0.000000130    0.119038864   -1.285066834
   6   H     1.00   -0.000001856   -1.521683108   -1.963684487

 Gradient norm at reference geometry: 0.28124D-03

 Normal Modes

                              1 A         2 A         3 A         4 A         5 A  
 Wavenumbers [cm-1]          342.34     1159.82     1179.26     1277.06     1488.84
 Intensities [km/mol]          0.00        0.00        0.00        0.00        0.00
 Intensities [relative]        0.00        0.00        0.00        0.00        0.00
           HX1              0.28075     0.00000     0.00000    -0.24958    -0.00000
           HY1             -0.00002    -0.13240    -0.00624     0.00001     0.02149
           HZ1              0.00000     0.52964    -0.14303     0.00003    -0.37691
           CX2              0.00433     0.00000    -0.00000     0.12185    -0.00000
           CY2              0.00000     0.06875     0.00891    -0.00000    -0.10974
           CZ2              0.00000    -0.00370    -0.19430    -0.00000    -0.01145
           HX3             -0.09696    -0.03637    -0.00315    -0.16505     0.09197
           HY3             -0.21118    -0.19403     0.00250    -0.08301     0.17211
           HZ3             -0.04671    -0.26756    -0.16659     0.56463     0.15584
           HX4             -0.09693     0.03636     0.00315    -0.16504    -0.09196
           HY4              0.21119    -0.19405     0.00250     0.08301     0.17213
           HZ4              0.04671    -0.26751    -0.16657    -0.56467     0.15581
           OX5             -0.06286     0.00000     0.00000    -0.05453    -0.00000
           OY5             -0.00000    -0.00247    -0.00803     0.00000     0.07320
           OZ5             -0.00000    -0.03319     0.16866     0.00000    -0.02877
           HX6              0.85914    -0.00001     0.00000    -0.00573     0.00001
           HY6             -0.00000    -0.25886     0.02267    -0.00000    -0.22076
           HZ6             -0.00000     0.57624     0.11298     0.00000     0.65813

                              6 A         7 A         8 A         9 A        10 A  
 Wavenumbers [cm-1]         1615.29     1618.91     1630.35     3140.49     3184.86
 Intensities [km/mol]          0.00        0.00        0.00        0.00        0.00
 Intensities [relative]        0.00        0.00        0.00        0.00        0.00
           HX1              0.00015     0.70637    -0.00007     0.00002    -0.02300
           HY1             -0.25813     0.00001    -0.06170     0.25420     0.00001
           HZ1              0.58682    -0.00012     0.14465     0.08915     0.00000
           CX2             -0.00001    -0.05699     0.00000     0.00000    -0.08985
           CY2             -0.02046     0.00000    -0.04158     0.03022     0.00001
           CZ2             -0.10001     0.00003     0.04728    -0.04097    -0.00000
           HX3             -0.01462     0.05930     0.40121     0.55132     0.54205
           HY3              0.29067     0.36946     0.39648    -0.30472    -0.32385
           HZ3              0.37768     0.29422    -0.36733     0.21804     0.22158
           HX4              0.01469     0.05917    -0.40118    -0.55137     0.54208
           HY4              0.29049    -0.36953     0.39660    -0.30466     0.32378
           HZ4              0.37754    -0.29446    -0.36728     0.21805    -0.22158
           OX5             -0.00000    -0.00857     0.00000    -0.00000     0.00050
           OY5             -0.00537     0.00000    -0.01651    -0.00020    -0.00000
           OZ5             -0.00719     0.00000     0.00741    -0.00202     0.00000
           HX6             -0.00000    -0.01033     0.00000     0.00000     0.00072
           HY6              0.00579     0.00000     0.02579    -0.00146     0.00000
           HZ6             -0.03711     0.00000    -0.09058    -0.00526    -0.00000

                             11 A        12 A  
 Wavenumbers [cm-1]         3256.88     4186.45
 Intensities [km/mol]          0.00        0.00
 Intensities [relative]        0.00        0.00
           HX1              0.00005     0.00000
           HY1              0.86570     0.01061
           HZ1              0.30995     0.00408
           CX2             -0.00000    -0.00000
           CY2             -0.08481    -0.00168
           CZ2             -0.01691     0.00074
           HX3             -0.14553    -0.00044
           HY3              0.06680     0.00053
           HZ3             -0.05562     0.00233
           HX4              0.14553     0.00044
           HY4              0.06678     0.00053
           HZ4             -0.05562     0.00233
           OX5              0.00000    -0.00000
           OY5              0.00149    -0.05553
           OZ5              0.00001    -0.02484
           HX6             -0.00000     0.00000
           HY6             -0.01298     0.88960
           HZ6              0.00246     0.37673


 Normal Modes of low/zero frequencies

                                  1           2           3           4           5
 Wavenumbers [cm-1]            0.00        0.00        0.00        0.00        0.00
 Intensities [km/mol]          0.00        0.00        0.00        0.00        0.00
 Intensities [relative]        0.00        0.00        0.00        0.00        0.00
           HX1              0.07096     0.26168    -0.35244    -0.01748     0.33174
           HY1             -0.08304    -0.11241     0.14540    -0.01248     0.19521
           HZ1              0.01325     0.24251     0.03144     0.02646    -0.09718
           CX2             -0.01577     0.07295    -0.05088     0.05935    -0.03436
           CY2             -0.03234    -0.06396     0.14153    -0.00655     0.15622
           CZ2             -0.12242     0.11286     0.04174     0.01058     0.00723
           HX3             -0.06585     0.01974     0.08107     0.02797    -0.23725
           HY3             -0.16292    -0.25355     0.39764     0.01409    -0.13549
           HZ3             -0.17993    -0.01588     0.07620     0.11088     0.09006
           HX4             -0.06584     0.01976     0.08104     0.02797    -0.23721
           HY4             -0.00378     0.02815    -0.10685    -0.03914     0.52646
           HZ4             -0.20065     0.11190     0.01758    -0.10562     0.02885
           OX5              0.00744    -0.01585    -0.02626     0.22804     0.04242
           OY5              0.15470     0.11478     0.12733     0.01534     0.01228
           OZ5             -0.11225     0.12259     0.04096     0.01177    -0.00060
           HX6             -0.06645    -0.18003     0.23323     0.29810    -0.27002
           HY6              0.20277     0.16071     0.12368     0.02096    -0.02471
           HZ6             -0.22848     0.01152     0.04979    -0.00184     0.08884

                                  6
 Wavenumbers [cm-1]            0.00
 Intensities [km/mol]          0.00
 Intensities [relative]        0.00
           HX1              0.20870
           HY1              0.10330
           HZ1             -0.09882
           CX2              0.21044
           CY2              0.08132
           CZ2             -0.04001
           HX3              0.30624
           HY3              0.15994
           HZ3             -0.15779
           HX4              0.30623
           HY4              0.04692
           HZ4              0.13660
           OX5             -0.02692
           OY5              0.00027
           OZ5             -0.04442
           HX6             -0.03121
           HY6             -0.02056
           HZ6              0.00594


 Frequencies dumped to record   5400.2
 Frequency information read from record  5400.2

 Zero point energy:  0.05485951 [H]    12040.27 [1/CM]      144.03 [KJ/MOL]


 **********************************************************************************************************************************
 DATASETS  * FILE   NREC   LENGTH (MB)   RECORD NAMES
              1      18       29.05       500      610      700      900      950      970     1000      129      960     1100   
                                          VAR    BASINP    GEOM    SYMINP    ZMAT    AOBASIS   BASIS     P2S    ABASIS      S 
                                         1400     1410     1200     1210     1080     1600     1650     1700   
                                           T        V       H0       H01     AOSYM     SMH    MOLCAS    OPER   

              2       7        0.57       700     1000      520     2100     5300     5450     5400   
                                         GEOM     BASIS   MCVARS     RHF     HESS     NMOD     FREQ   

              4       5        1.06      4100     4000     4200     4300     4400   

 PROGRAMS   *        TOTAL      FREQ      OPTG    HF-SCF       INT
 CPU TIMES  *         3.66      1.32      1.72      0.06      0.33
 REAL TIME  *         4.08 SEC
 DISK USED  *        29.89 MB (local),      210.10 MB (total)
 SF USED    *         1.06 MB
 GA USED    *         0.00 MB       (max)       0.00 MB       (current)
 **********************************************************************************************************************************

 Dump information in style MOLDEN to methanol.molden                                                                 

 Molecular orbitals read from record     2100.2  Type=RHF/CANONICAL  
 Occupation numbers read from record     2100.2  Type=RHF/RHF  
 Orbital energies read from record       2100.2  Type=RHF/CANONICAL  
 Redundancy group numbers read from rec  2100.2  Type=RHF/RHF  

 DUMP ORBITAL  1.1 AS ORBITAL    1  occ=    2.0000  eig=  -20.5412  GROUP=   2
 DUMP ORBITAL  2.1 AS ORBITAL    2  occ=    2.0000  eig=  -11.2657  GROUP=   2
 DUMP ORBITAL  3.1 AS ORBITAL    3  occ=    2.0000  eig=   -1.3621  GROUP=   2
 DUMP ORBITAL  4.1 AS ORBITAL    4  occ=    2.0000  eig=   -0.9267  GROUP=   2
 DUMP ORBITAL  5.1 AS ORBITAL    5  occ=    2.0000  eig=   -0.6945  GROUP=   2
 DUMP ORBITAL  6.1 AS ORBITAL    6  occ=    2.0000  eig=   -0.6209  GROUP=   2
 DUMP ORBITAL  7.1 AS ORBITAL    7  occ=    2.0000  eig=   -0.5957  GROUP=   2
 DUMP ORBITAL  8.1 AS ORBITAL    8  occ=    2.0000  eig=   -0.4979  GROUP=   2
 DUMP ORBITAL  9.1 AS ORBITAL    9  occ=    2.0000  eig=   -0.4449  GROUP=   2

 Total electronic charge:      18.000000
 Frequency information read from record  5400.2

 **********************************************************************************************************************************

 HF/6-311G(D,P)//HF/6-311G(D,P) energy=   -115.075812015139

    OPTG(HF-SCF)          HF-SCF
   -115.07581202   -115.07498331
 **********************************************************************************************************************************
 Molpro calculation terminated
